
Discarded input sections

 .group         0x00000000        0x8 ./SPL/src/misc.o
 .group         0x00000000        0x8 ./SPL/src/misc.o
 .group         0x00000000        0x8 ./SPL/src/misc.o
 .group         0x00000000        0x8 ./SPL/src/misc.o
 .group         0x00000000        0x8 ./SPL/src/misc.o
 .group         0x00000000        0x8 ./SPL/src/misc.o
 .group         0x00000000        0x8 ./SPL/src/misc.o
 .group         0x00000000        0x8 ./SPL/src/misc.o
 .group         0x00000000        0x8 ./SPL/src/misc.o
 .group         0x00000000        0x8 ./SPL/src/misc.o
 .group         0x00000000        0x8 ./SPL/src/misc.o
 .group         0x00000000        0x8 ./SPL/src/misc.o
 .group         0x00000000        0x8 ./SPL/src/misc.o
 .group         0x00000000        0x8 ./SPL/src/misc.o
 .group         0x00000000        0x8 ./SPL/src/misc.o
 .group         0x00000000        0x8 ./SPL/src/misc.o
 .group         0x00000000        0x8 ./SPL/src/misc.o
 .group         0x00000000        0x8 ./SPL/src/misc.o
 .group         0x00000000        0x8 ./SPL/src/misc.o
 .group         0x00000000        0x8 ./SPL/src/misc.o
 .group         0x00000000        0x8 ./SPL/src/misc.o
 .group         0x00000000        0x8 ./SPL/src/misc.o
 .group         0x00000000        0x8 ./SPL/src/misc.o
 .group         0x00000000        0x8 ./SPL/src/misc.o
 .group         0x00000000        0x8 ./SPL/src/misc.o
 .group         0x00000000        0x8 ./SPL/src/misc.o
 .group         0x00000000        0x8 ./SPL/src/misc.o
 .group         0x00000000        0x8 ./SPL/src/misc.o
 .group         0x00000000        0x8 ./SPL/src/misc.o
 .text          0x00000000      0x19c ./SPL/src/misc.o
 .data          0x00000000        0x0 ./SPL/src/misc.o
 .bss           0x00000000        0x0 ./SPL/src/misc.o
 .debug_info    0x00000000      0x548 ./SPL/src/misc.o
 .debug_abbrev  0x00000000      0x13b ./SPL/src/misc.o
 .debug_loc     0x00000000      0x118 ./SPL/src/misc.o
 .debug_aranges
                0x00000000       0x20 ./SPL/src/misc.o
 .debug_macro   0x00000000      0x14c ./SPL/src/misc.o
 .debug_macro   0x00000000      0x814 ./SPL/src/misc.o
 .debug_macro   0x00000000       0x56 ./SPL/src/misc.o
 .debug_macro   0x00000000       0x22 ./SPL/src/misc.o
 .debug_macro   0x00000000      0x214 ./SPL/src/misc.o
 .debug_macro   0x00000000      0x69f ./SPL/src/misc.o
 .debug_macro   0x00000000     0x7e5f ./SPL/src/misc.o
 .debug_macro   0x00000000      0x2df ./SPL/src/misc.o
 .debug_macro   0x00000000      0x144 ./SPL/src/misc.o
 .debug_macro   0x00000000      0x3cf ./SPL/src/misc.o
 .debug_macro   0x00000000       0xc8 ./SPL/src/misc.o
 .debug_macro   0x00000000      0x196 ./SPL/src/misc.o
 .debug_macro   0x00000000       0xac ./SPL/src/misc.o
 .debug_macro   0x00000000      0x3ad ./SPL/src/misc.o
 .debug_macro   0x00000000       0x9a ./SPL/src/misc.o
 .debug_macro   0x00000000      0x2cf ./SPL/src/misc.o
 .debug_macro   0x00000000      0x279 ./SPL/src/misc.o
 .debug_macro   0x00000000      0x2ac ./SPL/src/misc.o
 .debug_macro   0x00000000      0x2b1 ./SPL/src/misc.o
 .debug_macro   0x00000000       0x64 ./SPL/src/misc.o
 .debug_macro   0x00000000       0x82 ./SPL/src/misc.o
 .debug_macro   0x00000000      0x461 ./SPL/src/misc.o
 .debug_macro   0x00000000       0x58 ./SPL/src/misc.o
 .debug_macro   0x00000000      0x341 ./SPL/src/misc.o
 .debug_macro   0x00000000      0x2c4 ./SPL/src/misc.o
 .debug_macro   0x00000000      0x711 ./SPL/src/misc.o
 .debug_macro   0x00000000      0x220 ./SPL/src/misc.o
 .debug_macro   0x00000000       0x34 ./SPL/src/misc.o
 .debug_macro   0x00000000       0x35 ./SPL/src/misc.o
 .debug_macro   0x00000000       0x85 ./SPL/src/misc.o
 .debug_line    0x00000000      0x3c6 ./SPL/src/misc.o
 .debug_str     0x00000000    0x4ccbd ./SPL/src/misc.o
 .comment       0x00000000       0x31 ./SPL/src/misc.o
 .ARM.attributes
                0x00000000       0x33 ./SPL/src/misc.o
 .debug_frame   0x00000000       0x9c ./SPL/src/misc.o
 .group         0x00000000        0x8 ./SPL/src/stm32f10x_adc.o
 .group         0x00000000        0x8 ./SPL/src/stm32f10x_adc.o
 .group         0x00000000        0x8 ./SPL/src/stm32f10x_adc.o
 .group         0x00000000        0x8 ./SPL/src/stm32f10x_adc.o
 .group         0x00000000        0x8 ./SPL/src/stm32f10x_adc.o
 .group         0x00000000        0x8 ./SPL/src/stm32f10x_adc.o
 .group         0x00000000        0x8 ./SPL/src/stm32f10x_adc.o
 .group         0x00000000        0x8 ./SPL/src/stm32f10x_adc.o
 .group         0x00000000        0x8 ./SPL/src/stm32f10x_adc.o
 .group         0x00000000        0x8 ./SPL/src/stm32f10x_adc.o
 .group         0x00000000        0x8 ./SPL/src/stm32f10x_adc.o
 .group         0x00000000        0x8 ./SPL/src/stm32f10x_adc.o
 .group         0x00000000        0x8 ./SPL/src/stm32f10x_adc.o
 .group         0x00000000        0x8 ./SPL/src/stm32f10x_adc.o
 .group         0x00000000        0x8 ./SPL/src/stm32f10x_adc.o
 .group         0x00000000        0x8 ./SPL/src/stm32f10x_adc.o
[...]
Memory Configuration

Name             Origin             Length             Attributes
FLASH            0x08000000         0x00010000         xr
RAM              0x20000000         0x00005000         xrw
MEMORY_B1        0x60000000         0x00000000         xr
*default*        0x00000000         0xffffffff

Linker script and memory map

LOAD ./SPL/src/misc.o
LOAD ./SPL/src/stm32f10x_adc.o
LOAD ./SPL/src/stm32f10x_bkp.o
LOAD ./SPL/src/stm32f10x_can.o
LOAD ./SPL/src/stm32f10x_cec.o
LOAD ./SPL/src/stm32f10x_crc.o
LOAD ./SPL/src/stm32f10x_dac.o
LOAD ./SPL/src/stm32f10x_dbgmcu.o
LOAD ./SPL/src/stm32f10x_dma.o
LOAD ./SPL/src/stm32f10x_exti.o
LOAD ./SPL/src/stm32f10x_flash.o
LOAD ./SPL/src/stm32f10x_fsmc.o
LOAD ./SPL/src/stm32f10x_gpio.o
LOAD ./SPL/src/stm32f10x_i2c.o
LOAD ./SPL/src/stm32f10x_iwdg.o
LOAD ./SPL/src/stm32f10x_pwr.o
LOAD ./SPL/src/stm32f10x_rcc.o
LOAD ./SPL/src/stm32f10x_rtc.o
LOAD ./SPL/src/stm32f10x_sdio.o
LOAD ./SPL/src/stm32f10x_spi.o
LOAD ./SPL/src/stm32f10x_tim.o
LOAD ./SPL/src/stm32f10x_usart.o
LOAD ./SPL/src/stm32f10x_wwdg.o
LOAD ./CMSIS/core_cm3.o
LOAD ./CMSIS/startup_stm32f10x_ld_vl.o
LOAD ./CMSIS/system_stm32f10x.o
LOAD ./main.o
START GROUP
LOAD /home/knik/CodeSourcery/Sourcery_CodeBench_Lite_for_ARM_EABI/bin/../lib/gcc/arm-none-eabi/4.7.3/thumb2/libgcc.a
LOAD /home/knik/CodeSourcery/Sourcery_CodeBench_Lite_for_ARM_EABI/bin/../lib/gcc/arm-none-eabi/4.7.3/../../../../arm-none-eabi/lib/thumb2/libc.a
END GROUP
                0x20005000                _estack = 0x20005000
                0x00000000                _Min_Heap_Size = 0x0
                0x00000100                _Min_Stack_Size = 0x100

.isr_vector     0x08000000      0x1d0
                0x08000000                . = ALIGN (0x4)
 *(.isr_vector)
 .isr_vector    0x08000000      0x1d0 ./CMSIS/startup_stm32f10x_ld_vl.o
                0x08000000                g_pfnVectors
                0x080001d0                . = ALIGN (0x4)

.text           0x080001d0     0x12f0
                0x080001d0                . = ALIGN (0x4)
 *(.text)
 .text          0x080001d0      0x6ac ./SPL/src/stm32f10x_gpio.o
                0x080001d0                GPIO_DeInit
                0x080002e8                GPIO_AFIODeInit
                0x08000308                GPIO_Init
                0x080004b8                GPIO_StructInit
                0x080004e4                GPIO_ReadInputDataBit
                0x08000520                GPIO_ReadInputData
                0x0800053c                GPIO_ReadOutputDataBit
                0x08000578                GPIO_ReadOutputData
                0x08000594                GPIO_SetBits
                0x080005b0                GPIO_ResetBits
                0x080005cc                GPIO_WriteBit
                0x080005fc                GPIO_Write
                0x08000618                GPIO_PinLockConfig
                0x0800065c                GPIO_EventOutputConfig
                0x080006a8                GPIO_EventOutputCmd
                0x080006c8                GPIO_PinRemapConfig
                0x080007c8                GPIO_EXTILineConfig
                0x08000860                GPIO_ETH_MediaInterfaceConfig
 .text          0x0800087c      0x88c ./SPL/src/stm32f10x_rcc.o
                0x0800087c                RCC_DeInit
                0x080008e0                RCC_HSEConfig
                0x0800093c                RCC_WaitForHSEStartUp
                0x080009a0                RCC_AdjustHSICalibrationValue
                0x080009e0                RCC_HSICmd
                0x08000a00                RCC_PLLConfig
                0x08000a40                RCC_PLLCmd
                0x08000a60                RCC_PREDIV1Config
                0x08000aa4                RCC_SYSCLKConfig
                0x08000adc                RCC_GetSYSCLKSource
                0x08000af8                RCC_HCLKConfig
                0x08000b30                RCC_PCLK1Config
                0x08000b68                RCC_PCLK2Config
                0x08000ba4                RCC_ITConfig
                0x08000bf0                RCC_USBCLKConfig
                0x08000c0c                RCC_ADCCLKConfig
                0x08000c44                RCC_LSEConfig
                0x08000c90                RCC_LSICmd
                0x08000cb0                RCC_RTCCLKConfig
                0x08000cd4                RCC_RTCCLKCmd
                0x08000cf4                RCC_GetClocksFreq
                0x08000e70                RCC_AHBPeriphClockCmd
                0x08000eb0                RCC_APB2PeriphClockCmd
                0x08000ef0                RCC_APB1PeriphClockCmd
                0x08000f30                RCC_APB2PeriphResetCmd
                0x08000f70                RCC_APB1PeriphResetCmd
                0x08000fb0                RCC_BackupResetCmd
                0x08000fd0                RCC_ClockSecuritySystemCmd
                0x08000ff0                RCC_MCOConfig
                0x08001010                RCC_GetFlagStatus
                0x08001090                RCC_ClearFlag
                0x080010ac                RCC_GetITStatus
                0x080010e8                RCC_ClearITPendingBit
 .text          0x08001108      0x23c ./CMSIS/system_stm32f10x.o
                0x08001108                SystemInit
                0x08001178                SystemCoreClockUpdate
 .text          0x08001344      0x12c ./main.o
                0x08001378                main
                0x08001440                TIM2_IRQHandler
 *(.text*)
 .text.Reset_Handler
                0x08001470       0x4c ./CMSIS/startup_stm32f10x_ld_vl.o
                0x08001470                Reset_Handler
 .text.Default_Handler
                0x080014bc        0x4 ./CMSIS/startup_stm32f10x_ld_vl.o
                0x080014bc                EXTI2_IRQHandler
                0x080014bc                DebugMon_Handler
                0x080014bc                TIM1_CC_IRQHandler
                0x080014bc                HardFault_Handler
                0x080014bc                SysTick_Handler
                0x080014bc                PVD_IRQHandler
                0x080014bc                PendSV_Handler
                0x080014bc                NMI_Handler
                0x080014bc                EXTI3_IRQHandler
                0x080014bc                EXTI0_IRQHandler
                0x080014bc                TIM1_UP_TIM16_IRQHandler
                0x080014bc                UsageFault_Handler
                0x080014bc                SPI1_IRQHandler
                0x080014bc                TAMPER_IRQHandler
                0x080014bc                TIM6_DAC_IRQHandler
                0x080014bc                DMA1_Channel4_IRQHandler
                0x080014bc                ADC1_IRQHandler
                0x080014bc                RTC_IRQHandler
                0x080014bc                DMA1_Channel7_IRQHandler
                0x080014bc                I2C1_EV_IRQHandler
                0x080014bc                DMA1_Channel6_IRQHandler
                0x080014bc                TIM3_IRQHandler
                0x080014bc                RCC_IRQHandler
                0x080014bc                DMA1_Channel1_IRQHandler
                0x080014bc                Default_Handler
                0x080014bc                CEC_IRQHandler
                0x080014bc                EXTI15_10_IRQHandler
                0x080014bc                TIM7_IRQHandler
                0x080014bc                EXTI9_5_IRQHandler
                0x080014bc                MemManage_Handler
                0x080014bc                SVC_Handler
                0x080014bc                DMA1_Channel5_IRQHandler
                0x080014bc                EXTI4_IRQHandler
                0x080014bc                TIM1_TRG_COM_TIM17_IRQHandler
                0x080014bc                DMA1_Channel3_IRQHandler
                0x080014bc                WWDG_IRQHandler
                0x080014bc                EXTI1_IRQHandler
                0x080014bc                RTCAlarm_IRQHandler
                0x080014bc                USART2_IRQHandler
                0x080014bc                DMA1_Channel2_IRQHandler
                0x080014bc                FLASH_IRQHandler
                0x080014bc                BusFault_Handler
                0x080014bc                USART1_IRQHandler
                0x080014bc                I2C1_ER_IRQHandler
                0x080014bc                TIM1_BRK_TIM15_IRQHandler
 *(.rodata)
 *(.rodata*)
 *(.glue_7)
 .glue_7        0x00000000        0x0 linker stubs
 *(.glue_7t)
 .glue_7t       0x00000000        0x0 linker stubs
 *(.eh_frame)
 *(.init)
 *(.fini)
                0x080014c0                . = ALIGN (0x4)
                0x080014c0                _etext = .

.vfp11_veneer   0x080014c0        0x0
 .vfp11_veneer  0x00000000        0x0 linker stubs

.v4_bx          0x080014c0        0x0
 .v4_bx         0x00000000        0x0 linker stubs

.iplt           0x080014c0        0x0
 .iplt          0x00000000        0x0 ./SPL/src/misc.o

.rel.dyn        0x080014c0        0x0
 .rel.iplt      0x00000000        0x0 ./SPL/src/misc.o

.ARM.extab
 *(.ARM.extab* .gnu.linkonce.armextab.*)

.ARM            0x080014c0        0x0
                0x080014c0                __exidx_start = .
 *(.ARM.exidx*)
                0x080014c0                __exidx_end = .

.preinit_array  0x080014c0        0x0
                0x080014c0                PROVIDE (__preinit_array_start, .)
 *(.preinit_array*)
                0x080014c0                PROVIDE (__preinit_array_end, .)

.init_array     0x080014c0        0x0
                0x080014c0                PROVIDE (__init_array_start, .)
 *(SORT(.init_array.*))
 *(.init_array*)
                0x080014c0                PROVIDE (__init_array_end, .)

.fini_array     0x080014c0        0x0
                0x080014c0                PROVIDE (__fini_array_start, .)
 *(.fini_array*)
 *(SORT(.fini_array.*))
                0x080014c0                PROVIDE (__fini_array_end, .)
                0x080014c0                _sidata = .

.data           0x20000000       0x28 load address 0x080014c0
                0x20000000                . = ALIGN (0x4)
                0x20000000                _sdata = .
 *(.data)
 .data          0x20000000       0x14 ./SPL/src/stm32f10x_rcc.o
 .data          0x20000014       0x14 ./CMSIS/system_stm32f10x.o
                0x20000014                SystemCoreClock
                0x20000018                AHBPrescTable
 *(.data*)
                0x20000028                . = ALIGN (0x4)
                0x20000028                _edata = .

.igot.plt       0x20000028        0x0 load address 0x080014e8
 .igot.plt      0x00000000        0x0 ./SPL/src/misc.o
                0x20000028                . = ALIGN (0x4)

.bss            0x20000028        0x0
                0x20000028                _sbss = .
                0x20000028                __bss_start__ = _sbss
 *(.bss)
 *(.bss*)
 *(COMMON)
                0x20000028                . = ALIGN (0x4)
                0x20000028                _ebss = .
                0x20000028                __bss_end__ = _ebss

._user_heap_stack
                0x20000028      0x100 load address 0x080014e8
                0x20000028                . = ALIGN (0x4)
                0x20000028                PROVIDE (end, .)
                0x20000028                PROVIDE (_end, .)
                0x20000028                . = (. + _Min_Heap_Size)
                0x20000128                . = (. + _Min_Stack_Size)
 *fill*         0x20000028      0x100 
                0x20000128                . = ALIGN (0x4)

.memory_b1_text
 *(.mb1text)
 *(.mb1text*)
 *(.mb1rodata)
 *(.mb1rodata*)

/DISCARD/
 libc.a(*)
 libm.a(*)
 libgcc.a(*)

.ARM.attributes
                0x00000000       0x31
 *(.ARM.attributes)
 .ARM.attributes
                0x00000000       0x33 ./SPL/src/stm32f10x_gpio.o
 .ARM.attributes
                0x00000033       0x33 ./SPL/src/stm32f10x_rcc.o
 .ARM.attributes
                0x00000066       0x21 ./CMSIS/startup_stm32f10x_ld_vl.o
 .ARM.attributes
                0x00000087       0x33 ./CMSIS/system_stm32f10x.o
 .ARM.attributes
                0x000000ba       0x33 ./main.o
OUTPUT(stm32_ld_vl.elf elf32-littlearm)

.debug_info     0x00000000     0x1d4c
 .debug_info    0x00000000      0x732 ./SPL/src/stm32f10x_gpio.o
 .debug_info    0x00000732      0x994 ./SPL/src/stm32f10x_rcc.o
 .debug_info    0x000010c6       0x74 ./CMSIS/startup_stm32f10x_ld_vl.o
 .debug_info    0x0000113a      0x410 ./CMSIS/system_stm32f10x.o
 .debug_info    0x0000154a      0x802 ./main.o

.debug_abbrev   0x00000000      0x6a8
 .debug_abbrev  0x00000000      0x1cd ./SPL/src/stm32f10x_gpio.o
 .debug_abbrev  0x000001cd      0x1bf ./SPL/src/stm32f10x_rcc.o
 .debug_abbrev  0x0000038c       0x12 ./CMSIS/startup_stm32f10x_ld_vl.o
 .debug_abbrev  0x0000039e      0x17c ./CMSIS/system_stm32f10x.o
 .debug_abbrev  0x0000051a      0x18e ./main.o

.debug_loc      0x00000000      0xc5c
 .debug_loc     0x00000000      0x3e4 ./SPL/src/stm32f10x_gpio.o
 .debug_loc     0x000003e4      0x714 ./SPL/src/stm32f10x_rcc.o
 .debug_loc     0x00000af8       0xc8 ./CMSIS/system_stm32f10x.o
 .debug_loc     0x00000bc0       0x9c ./main.o

.debug_aranges  0x00000000       0xa8
 .debug_aranges
                0x00000000       0x20 ./SPL/src/stm32f10x_gpio.o
 .debug_aranges
                0x00000020       0x20 ./SPL/src/stm32f10x_rcc.o
 .debug_aranges
                0x00000040       0x28 ./CMSIS/startup_stm32f10x_ld_vl.o
 .debug_aranges
                0x00000068       0x20 ./CMSIS/system_stm32f10x.o
 .debug_aranges
                0x00000088       0x20 ./main.o

.debug_macro    0x00000000      0xd8a
 .debug_macro   0x00000000      0x194 ./SPL/src/stm32f10x_gpio.o
 .debug_macro   0x00000194      0x2a6 ./SPL/src/stm32f10x_gpio.o
 .debug_macro   0x0000043a      0x270 ./SPL/src/stm32f10x_rcc.o
 .debug_macro   0x000006aa      0x45b ./SPL/src/stm32f10x_rcc.o
 .debug_macro   0x00000b05      0x149 ./CMSIS/system_stm32f10x.o
 .debug_macro   0x00000c4e      0x13c ./main.o

.debug_line     0x00000000     0x11a6
 .debug_line    0x00000000      0x47a ./SPL/src/stm32f10x_gpio.o
 .debug_line    0x0000047a      0x4da ./SPL/src/stm32f10x_rcc.o
 .debug_line    0x00000954       0x7e ./CMSIS/startup_stm32f10x_ld_vl.o
 .debug_line    0x000009d2      0x41f ./CMSIS/system_stm32f10x.o
 .debug_line    0x00000df1      0x3b5 ./main.o

.debug_str      0x00000000    0x4e00d
 .debug_str     0x00000000    0x4cf82 ./SPL/src/stm32f10x_gpio.o
                              0x4d02a (size before relaxing)
 .debug_str     0x0004cf82      0xbbd ./SPL/src/stm32f10x_rcc.o
                              0x4d6b0 (size before relaxing)
 .debug_str     0x0004db3f       0xe6 ./CMSIS/system_stm32f10x.o
                              0x4cbd2 (size before relaxing)
 .debug_str     0x0004dc25      0x3e8 ./main.o
                              0x4cfb9 (size before relaxing)

.comment        0x00000000       0x30
 .comment       0x00000000       0x30 ./SPL/src/stm32f10x_gpio.o
                                 0x31 (size before relaxing)
 .comment       0x00000000       0x31 ./SPL/src/stm32f10x_rcc.o
 .comment       0x00000000       0x31 ./CMSIS/system_stm32f10x.o
 .comment       0x00000000       0x31 ./main.o

.debug_frame    0x00000000      0x6a8
 .debug_frame   0x00000000      0x210 ./SPL/src/stm32f10x_gpio.o
 .debug_frame   0x00000210      0x3b0 ./SPL/src/stm32f10x_rcc.o
 .debug_frame   0x000005c0       0x80 ./CMSIS/system_stm32f10x.o
 .debug_frame   0x00000640       0x68 ./main.o

.debug_ranges   0x00000000       0x20
 .debug_ranges  0x00000000       0x20 ./CMSIS/startup_stm32f10x_ld_vl.o
